// Jest Snapshot v1, https://goo.gl/fbAQLP

exports[`Container renders 1`] = `
<add
  embeddable={
    Object {
      "getTitle": [Function],
    }
  }
  setPanel={[Function]}
/>
`;
