// Jest Snapshot v1, https://goo.gl/fbAQLP

exports[`DataSource renders 1`] = `
<Component>
  <MonitorIndex
    httpClient={[MockFunction]}
    monitorType="query_level_monitor"
  />
  <EuiSpacer
    size="s"
  />
  <MonitorTimeField />
</Component>
`;
